src/app/(dashboard)/cadastros/agencias/page.tsx(148,62): error TS2339: Property 'banco' does not exist on type 'IAgenciaDB'.
src/app/(dashboard)/cadastros/agencias/page.tsx(148,81): error TS2339: Property 'banco' does not exist on type 'IAgenciaDB'.
src/app/(dashboard)/cadastros/agencias/page.tsx(148,107): error TS2339: Property 'banco' does not exist on type 'IAgenciaDB'.
src/app/(dashboard)/cadastros/bancos/page.tsx(59,51): error TS2339: Property 'contarAgencias' does not exist on type '{ listar(termoBusca?: string | undefined): Promise<IBancoDB[]>; buscarPorId(id: string): Promise<IBancoDB | null>; criar(banco: Omit<IBancoDB, "id" | ... 2 more ... | "excluido">): Promise<...>; atualizar(id: string, banco: Partial<...>): Promise<...>; excluir(id: string): Promise<...>; }'.
src/app/(dashboard)/cadastros/instituicoes/novo/page.tsx(62,53): error TS2339: Property 'contar' does not exist on type '{ listar(termoBusca?: string | undefined): Promise<IInstituicaoDB[]>; buscarPorId(id: string): Promise<IInstituicaoDB | null>; criar(instituicao: Omit<...>): Promise<...>; atualizar(id: string, instituicao: Partial<...>): Promise<...>; excluir(id: string): Promise<...>; listarPorEsfera(esferaId: string): Promise<......'.
src/app/(dashboard)/cadastros/instituicoes/page.tsx(60,57): error TS2339: Property 'contarOrgaos' does not exist on type '{ listar(termoBusca?: string | undefined): Promise<IInstituicaoDB[]>; buscarPorId(id: string): Promise<IInstituicaoDB | null>; criar(instituicao: Omit<...>): Promise<...>; atualizar(id: string, instituicao: Partial<...>): Promise<...>; excluir(id: string): Promise<...>; listarPorEsfera(esferaId: string): Promise<......'.
src/app/(dashboard)/cadastros/instituicoes/page.tsx(155,84): error TS2339: Property 'esfera' does not exist on type 'IInstituicaoDB'.
src/app/(dashboard)/cadastros/orgaos/page.tsx(60,51): error TS2339: Property 'contarUnidadesGestoras' does not exist on type '{ listar(termoBusca?: string | undefined): Promise<IOrgaoDB[]>; buscarPorId(id: string): Promise<IOrgaoDB | null>; criar(orgao: Omit<IOrgaoDB, "id" | ... 2 more ... | "excluido">): Promise<...>; atualizar(id: string, orgao: Partial<...>): Promise<...>; excluir(id: string): Promise<...>; listarPorInstituicao(institui...'.
src/app/(dashboard)/cadastros/orgaos/page.tsx(154,67): error TS2551: Property 'instituicao' does not exist on type 'IOrgaoDB'. Did you mean 'instituicao_id'?
